<testsuites id="" name="" tests="12" failures="0" skipped="0" errors="0" time="10.300454">
<testsuite name="checkout-flow.spec.ts" timestamp="2026-04-25T14:51:03.248Z" hostname="chromium" tests="12" failures="0" skipped="0" time="5.611" errors="0">
<testcase name="Stripe Checkout Flow - Happy Paths (P0) › should complete track purchase end-to-end" classname="checkout-flow.spec.ts" time="2.05">
</testcase>
<testcase name="Stripe Checkout Flow - Happy Paths (P0) › should complete service booking end-to-end" classname="checkout-flow.spec.ts" time="1.135">
</testcase>
<testcase name="Stripe Checkout Flow - Happy Paths (P0) › should handle order creation and all database mutations" classname="checkout-flow.spec.ts" time="1.394">
</testcase>
<testcase name="Stripe Checkout Flow - Error Scenarios (P1) › should reject checkout with invalid workspace ID" classname="checkout-flow.spec.ts" time="0.033">
</testcase>
<testcase name="Stripe Checkout Flow - Error Scenarios (P1) › should reject webhook with missing metadata" classname="checkout-flow.spec.ts" time="0.415">
</testcase>
<testcase name="Stripe Checkout Flow - Error Scenarios (P1) › should reject webhook with missing stripe-signature header" classname="checkout-flow.spec.ts" time="0.035">
</testcase>
<testcase name="Stripe Checkout Flow - Error Scenarios (P1) › should reject webhook with invalid signature" classname="checkout-flow.spec.ts" time="0.028">
</testcase>
<testcase name="Stripe Checkout Flow - Error Scenarios (P1) › should handle webhook delivery timeout gracefully" classname="checkout-flow.spec.ts" time="0.112">
</testcase>
<testcase name="Stripe Checkout Flow - Edge Cases (P2) › should handle duplicate webhook delivery with idempotency" classname="checkout-flow.spec.ts" time="0.064">
</testcase>
<testcase name="Stripe Checkout Flow - Edge Cases (P2) › should handle race condition with multiple simultaneous purchases" classname="checkout-flow.spec.ts" time="0.117">
</testcase>
<testcase name="Stripe Checkout Flow - Edge Cases (P2) › should handle partial failure: order created but license generation fails" classname="checkout-flow.spec.ts" time="0.161">
</testcase>
<testcase name="Stripe Checkout Flow - Edge Cases (P2) › should handle idempotency key collision" classname="checkout-flow.spec.ts" time="0.067">
</testcase>
</testsuite>
</testsuites>